// Jest Snapshot v1, https://goo.gl/fbAQLP

exports[`Component: Chart It should render DatetimePicker component 1`] = `
Array [
  .c0 {
  margin: 0 0 10px 10px;
}

<p
    className="c0"
  >
    label
  </p>,
  <div
    className="ant-picker ant-picker-range"
    onClick={[Function]}
    onMouseDown={[Function]}
  >
    <div
      className="ant-picker-input ant-picker-input-active"
    >
      <input
        autoComplete="off"
        disabled={false}
        onBlur={[Function]}
        onChange={[Function]}
        onFocus={[Function]}
        onKeyDown={[Function]}
        onMouseDown={[Function]}
        placeholder="Start date"
        readOnly={true}
        size={12}
        value=""
      />
    </div>
    <div
      className="ant-picker-range-separator"
    >
      <span
        aria-label="to"
        className="ant-picker-separator"
      >
        <span
          aria-label="swap-right"
          className="anticon anticon-swap-right"
          role="img"
        >
          <svg
            aria-hidden="true"
            data-icon="swap-right"
            fill="currentColor"
            focusable="false"
            height="1em"
            viewBox="0 0 1024 1024"
            width="1em"
          >
            <path
              d="M873.1 596.2l-164-208A32 32 0 00684 376h-64.8c-6.7 0-10.4 7.7-6.3 13l144.3 183H152c-4.4 0-8 3.6-8 8v60c0 4.4 3.6 8 8 8h695.9c26.8 0 41.7-30.8 25.2-51.8z"
            />
          </svg>
        </span>
      </span>
    </div>
    <div
      className="ant-picker-input"
    >
      <input
        autoComplete="off"
        disabled={false}
        onBlur={[Function]}
        onChange={[Function]}
        onFocus={[Function]}
        onKeyDown={[Function]}
        onMouseDown={[Function]}
        placeholder="End date"
        readOnly={true}
        size={12}
        value=""
      />
    </div>
    <div
      className="ant-picker-active-bar"
      style={
        Object {
          "left": 0,
          "position": "absolute",
          "width": 0,
        }
      }
    />
    <span
      className="ant-picker-suffix"
    >
      <span
        aria-label="calendar"
        className="anticon anticon-calendar"
        role="img"
      >
        <svg
          aria-hidden="true"
          data-icon="calendar"
          fill="currentColor"
          focusable="false"
          height="1em"
          viewBox="64 64 896 896"
          width="1em"
        >
          <path
            d="M880 184H712v-64c0-4.4-3.6-8-8-8h-56c-4.4 0-8 3.6-8 8v64H384v-64c0-4.4-3.6-8-8-8h-56c-4.4 0-8 3.6-8 8v64H144c-17.7 0-32 14.3-32 32v664c0 17.7 14.3 32 32 32h736c17.7 0 32-14.3 32-32V216c0-17.7-14.3-32-32-32zm-40 656H184V460h656v380zM184 392V256h128v48c0 4.4 3.6 8 8 8h56c4.4 0 8-3.6 8-8v-48h256v48c0 4.4 3.6 8 8 8h56c4.4 0 8-3.6 8-8v-48h128v136H184z"
          />
        </svg>
      </span>
    </span>
  </div>,
]
`;

exports[`Component: DatetimePicker It should get response from /measures API 1`] = `
Array [
  .c0 {
  margin: 0 0 10px 10px;
}

<p
    className="c0"
  >
    label
  </p>,
  <div
    className="ant-picker ant-picker-range"
    onClick={[Function]}
    onMouseDown={[Function]}
  >
    <div
      className="ant-picker-input ant-picker-input-active"
    >
      <input
        autoComplete="off"
        disabled={false}
        onBlur={[Function]}
        onChange={[Function]}
        onFocus={[Function]}
        onKeyDown={[Function]}
        onMouseDown={[Function]}
        placeholder="Start date"
        readOnly={true}
        size={12}
        value=""
      />
    </div>
    <div
      className="ant-picker-range-separator"
    >
      <span
        aria-label="to"
        className="ant-picker-separator"
      >
        <span
          aria-label="swap-right"
          className="anticon anticon-swap-right"
          role="img"
        >
          <svg
            aria-hidden="true"
            data-icon="swap-right"
            fill="currentColor"
            focusable="false"
            height="1em"
            viewBox="0 0 1024 1024"
            width="1em"
          >
            <path
              d="M873.1 596.2l-164-208A32 32 0 00684 376h-64.8c-6.7 0-10.4 7.7-6.3 13l144.3 183H152c-4.4 0-8 3.6-8 8v60c0 4.4 3.6 8 8 8h695.9c26.8 0 41.7-30.8 25.2-51.8z"
            />
          </svg>
        </span>
      </span>
    </div>
    <div
      className="ant-picker-input"
    >
      <input
        autoComplete="off"
        disabled={false}
        onBlur={[Function]}
        onChange={[Function]}
        onFocus={[Function]}
        onKeyDown={[Function]}
        onMouseDown={[Function]}
        placeholder="End date"
        readOnly={true}
        size={12}
        value=""
      />
    </div>
    <div
      className="ant-picker-active-bar"
      style={
        Object {
          "left": 0,
          "position": "absolute",
          "width": 0,
        }
      }
    />
    <span
      className="ant-picker-suffix"
    >
      <span
        aria-label="calendar"
        className="anticon anticon-calendar"
        role="img"
      >
        <svg
          aria-hidden="true"
          data-icon="calendar"
          fill="currentColor"
          focusable="false"
          height="1em"
          viewBox="64 64 896 896"
          width="1em"
        >
          <path
            d="M880 184H712v-64c0-4.4-3.6-8-8-8h-56c-4.4 0-8 3.6-8 8v64H384v-64c0-4.4-3.6-8-8-8h-56c-4.4 0-8 3.6-8 8v64H144c-17.7 0-32 14.3-32 32v664c0 17.7 14.3 32 32 32h736c17.7 0 32-14.3 32-32V216c0-17.7-14.3-32-32-32zm-40 656H184V460h656v380zM184 392V256h128v48c0 4.4 3.6 8 8 8h56c4.4 0 8-3.6 8-8v-48h256v48c0 4.4 3.6 8 8 8h56c4.4 0 8-3.6 8-8v-48h128v136H184z"
          />
        </svg>
      </span>
    </span>
  </div>,
]
`;

exports[`Component: DatetimePicker It should render DatetimePicker component 1`] = `
Array [
  .c0 {
  margin: 0 0 10px 10px;
}

<p
    className="c0"
  >
    label
  </p>,
  <div
    className="ant-picker ant-picker-range"
    onClick={[Function]}
    onMouseDown={[Function]}
  >
    <div
      className="ant-picker-input ant-picker-input-active"
    >
      <input
        autoComplete="off"
        disabled={false}
        onBlur={[Function]}
        onChange={[Function]}
        onFocus={[Function]}
        onKeyDown={[Function]}
        onMouseDown={[Function]}
        placeholder="Start date"
        readOnly={true}
        size={12}
        value=""
      />
    </div>
    <div
      className="ant-picker-range-separator"
    >
      <span
        aria-label="to"
        className="ant-picker-separator"
      >
        <span
          aria-label="swap-right"
          className="anticon anticon-swap-right"
          role="img"
        >
          <svg
            aria-hidden="true"
            data-icon="swap-right"
            fill="currentColor"
            focusable="false"
            height="1em"
            viewBox="0 0 1024 1024"
            width="1em"
          >
            <path
              d="M873.1 596.2l-164-208A32 32 0 00684 376h-64.8c-6.7 0-10.4 7.7-6.3 13l144.3 183H152c-4.4 0-8 3.6-8 8v60c0 4.4 3.6 8 8 8h695.9c26.8 0 41.7-30.8 25.2-51.8z"
            />
          </svg>
        </span>
      </span>
    </div>
    <div
      className="ant-picker-input"
    >
      <input
        autoComplete="off"
        disabled={false}
        onBlur={[Function]}
        onChange={[Function]}
        onFocus={[Function]}
        onKeyDown={[Function]}
        onMouseDown={[Function]}
        placeholder="End date"
        readOnly={true}
        size={12}
        value=""
      />
    </div>
    <div
      className="ant-picker-active-bar"
      style={
        Object {
          "left": 0,
          "position": "absolute",
          "width": 0,
        }
      }
    />
    <span
      className="ant-picker-suffix"
    >
      <span
        aria-label="calendar"
        className="anticon anticon-calendar"
        role="img"
      >
        <svg
          aria-hidden="true"
          data-icon="calendar"
          fill="currentColor"
          focusable="false"
          height="1em"
          viewBox="64 64 896 896"
          width="1em"
        >
          <path
            d="M880 184H712v-64c0-4.4-3.6-8-8-8h-56c-4.4 0-8 3.6-8 8v64H384v-64c0-4.4-3.6-8-8-8h-56c-4.4 0-8 3.6-8 8v64H144c-17.7 0-32 14.3-32 32v664c0 17.7 14.3 32 32 32h736c17.7 0 32-14.3 32-32V216c0-17.7-14.3-32-32-32zm-40 656H184V460h656v380zM184 392V256h128v48c0 4.4 3.6 8 8 8h56c4.4 0 8-3.6 8-8v-48h256v48c0 4.4 3.6 8 8 8h56c4.4 0 8-3.6 8-8v-48h128v136H184z"
          />
        </svg>
      </span>
    </span>
  </div>,
]
`;

exports[`Component: DatetimePicker It should render DatetimePicker component 2`] = `
Array [
  .c0 {
  margin: 0 0 10px 10px;
}

<p
    className="c0"
  >
    label
  </p>,
  <div
    className="ant-picker ant-picker-range"
    onClick={[Function]}
    onMouseDown={[Function]}
  >
    <div
      className="ant-picker-input ant-picker-input-active"
    >
      <input
        autoComplete="off"
        disabled={false}
        onBlur={[Function]}
        onChange={[Function]}
        onFocus={[Function]}
        onKeyDown={[Function]}
        onMouseDown={[Function]}
        placeholder="Start date"
        readOnly={true}
        size={12}
        value=""
      />
    </div>
    <div
      className="ant-picker-range-separator"
    >
      <span
        aria-label="to"
        className="ant-picker-separator"
      >
        <span
          aria-label="swap-right"
          className="anticon anticon-swap-right"
          role="img"
        >
          <svg
            aria-hidden="true"
            data-icon="swap-right"
            fill="currentColor"
            focusable="false"
            height="1em"
            viewBox="0 0 1024 1024"
            width="1em"
          >
            <path
              d="M873.1 596.2l-164-208A32 32 0 00684 376h-64.8c-6.7 0-10.4 7.7-6.3 13l144.3 183H152c-4.4 0-8 3.6-8 8v60c0 4.4 3.6 8 8 8h695.9c26.8 0 41.7-30.8 25.2-51.8z"
            />
          </svg>
        </span>
      </span>
    </div>
    <div
      className="ant-picker-input"
    >
      <input
        autoComplete="off"
        disabled={false}
        onBlur={[Function]}
        onChange={[Function]}
        onFocus={[Function]}
        onKeyDown={[Function]}
        onMouseDown={[Function]}
        placeholder="End date"
        readOnly={true}
        size={12}
        value=""
      />
    </div>
    <div
      className="ant-picker-active-bar"
      style={
        Object {
          "left": 0,
          "position": "absolute",
          "width": 0,
        }
      }
    />
    <span
      className="ant-picker-suffix"
    >
      <span
        aria-label="calendar"
        className="anticon anticon-calendar"
        role="img"
      >
        <svg
          aria-hidden="true"
          data-icon="calendar"
          fill="currentColor"
          focusable="false"
          height="1em"
          viewBox="64 64 896 896"
          width="1em"
        >
          <path
            d="M880 184H712v-64c0-4.4-3.6-8-8-8h-56c-4.4 0-8 3.6-8 8v64H384v-64c0-4.4-3.6-8-8-8h-56c-4.4 0-8 3.6-8 8v64H144c-17.7 0-32 14.3-32 32v664c0 17.7 14.3 32 32 32h736c17.7 0 32-14.3 32-32V216c0-17.7-14.3-32-32-32zm-40 656H184V460h656v380zM184 392V256h128v48c0 4.4 3.6 8 8 8h56c4.4 0 8-3.6 8-8v-48h256v48c0 4.4 3.6 8 8 8h56c4.4 0 8-3.6 8-8v-48h128v136H184z"
          />
        </svg>
      </span>
    </span>
  </div>,
]
`;

exports[`Component: Loader It should render DatetimePicker component 1`] = `
Array [
  .c0 {
  margin: 0 0 10px 10px;
}

<p
    className="c0"
  >
    label
  </p>,
  <div
    className="ant-picker ant-picker-range"
    onClick={[Function]}
    onMouseDown={[Function]}
  >
    <div
      className="ant-picker-input ant-picker-input-active"
    >
      <input
        autoComplete="off"
        disabled={false}
        onBlur={[Function]}
        onChange={[Function]}
        onFocus={[Function]}
        onKeyDown={[Function]}
        onMouseDown={[Function]}
        placeholder="Start date"
        readOnly={true}
        size={12}
        value=""
      />
    </div>
    <div
      className="ant-picker-range-separator"
    >
      <span
        aria-label="to"
        className="ant-picker-separator"
      >
        <span
          aria-label="swap-right"
          className="anticon anticon-swap-right"
          role="img"
        >
          <svg
            aria-hidden="true"
            data-icon="swap-right"
            fill="currentColor"
            focusable="false"
            height="1em"
            viewBox="0 0 1024 1024"
            width="1em"
          >
            <path
              d="M873.1 596.2l-164-208A32 32 0 00684 376h-64.8c-6.7 0-10.4 7.7-6.3 13l144.3 183H152c-4.4 0-8 3.6-8 8v60c0 4.4 3.6 8 8 8h695.9c26.8 0 41.7-30.8 25.2-51.8z"
            />
          </svg>
        </span>
      </span>
    </div>
    <div
      className="ant-picker-input"
    >
      <input
        autoComplete="off"
        disabled={false}
        onBlur={[Function]}
        onChange={[Function]}
        onFocus={[Function]}
        onKeyDown={[Function]}
        onMouseDown={[Function]}
        placeholder="End date"
        readOnly={true}
        size={12}
        value=""
      />
    </div>
    <div
      className="ant-picker-active-bar"
      style={
        Object {
          "left": 0,
          "position": "absolute",
          "width": 0,
        }
      }
    />
    <span
      className="ant-picker-suffix"
    >
      <span
        aria-label="calendar"
        className="anticon anticon-calendar"
        role="img"
      >
        <svg
          aria-hidden="true"
          data-icon="calendar"
          fill="currentColor"
          focusable="false"
          height="1em"
          viewBox="64 64 896 896"
          width="1em"
        >
          <path
            d="M880 184H712v-64c0-4.4-3.6-8-8-8h-56c-4.4 0-8 3.6-8 8v64H384v-64c0-4.4-3.6-8-8-8h-56c-4.4 0-8 3.6-8 8v64H144c-17.7 0-32 14.3-32 32v664c0 17.7 14.3 32 32 32h736c17.7 0 32-14.3 32-32V216c0-17.7-14.3-32-32-32zm-40 656H184V460h656v380zM184 392V256h128v48c0 4.4 3.6 8 8 8h56c4.4 0 8-3.6 8-8v-48h256v48c0 4.4 3.6 8 8 8h56c4.4 0 8-3.6 8-8v-48h128v136H184z"
          />
        </svg>
      </span>
    </span>
  </div>,
]
`;

exports[`Component: NoData It should render DatetimePicker component 1`] = `
Array [
  .c0 {
  margin: 0 0 10px 10px;
}

<p
    className="c0"
  >
    label
  </p>,
  <div
    className="ant-picker ant-picker-range"
    onClick={[Function]}
    onMouseDown={[Function]}
  >
    <div
      className="ant-picker-input ant-picker-input-active"
    >
      <input
        autoComplete="off"
        disabled={false}
        onBlur={[Function]}
        onChange={[Function]}
        onFocus={[Function]}
        onKeyDown={[Function]}
        onMouseDown={[Function]}
        placeholder="Start date"
        readOnly={true}
        size={12}
        value=""
      />
    </div>
    <div
      className="ant-picker-range-separator"
    >
      <span
        aria-label="to"
        className="ant-picker-separator"
      >
        <span
          aria-label="swap-right"
          className="anticon anticon-swap-right"
          role="img"
        >
          <svg
            aria-hidden="true"
            data-icon="swap-right"
            fill="currentColor"
            focusable="false"
            height="1em"
            viewBox="0 0 1024 1024"
            width="1em"
          >
            <path
              d="M873.1 596.2l-164-208A32 32 0 00684 376h-64.8c-6.7 0-10.4 7.7-6.3 13l144.3 183H152c-4.4 0-8 3.6-8 8v60c0 4.4 3.6 8 8 8h695.9c26.8 0 41.7-30.8 25.2-51.8z"
            />
          </svg>
        </span>
      </span>
    </div>
    <div
      className="ant-picker-input"
    >
      <input
        autoComplete="off"
        disabled={false}
        onBlur={[Function]}
        onChange={[Function]}
        onFocus={[Function]}
        onKeyDown={[Function]}
        onMouseDown={[Function]}
        placeholder="End date"
        readOnly={true}
        size={12}
        value=""
      />
    </div>
    <div
      className="ant-picker-active-bar"
      style={
        Object {
          "left": 0,
          "position": "absolute",
          "width": 0,
        }
      }
    />
    <span
      className="ant-picker-suffix"
    >
      <span
        aria-label="calendar"
        className="anticon anticon-calendar"
        role="img"
      >
        <svg
          aria-hidden="true"
          data-icon="calendar"
          fill="currentColor"
          focusable="false"
          height="1em"
          viewBox="64 64 896 896"
          width="1em"
        >
          <path
            d="M880 184H712v-64c0-4.4-3.6-8-8-8h-56c-4.4 0-8 3.6-8 8v64H384v-64c0-4.4-3.6-8-8-8h-56c-4.4 0-8 3.6-8 8v64H144c-17.7 0-32 14.3-32 32v664c0 17.7 14.3 32 32 32h736c17.7 0 32-14.3 32-32V216c0-17.7-14.3-32-32-32zm-40 656H184V460h656v380zM184 392V256h128v48c0 4.4 3.6 8 8 8h56c4.4 0 8-3.6 8-8v-48h256v48c0 4.4 3.6 8 8 8h56c4.4 0 8-3.6 8-8v-48h128v136H184z"
          />
        </svg>
      </span>
    </span>
  </div>,
]
`;

exports[`Get styles It should get response from /measures API 1`] = `ReactWrapper {}`;
